============================= test session starts =============================
platform win32 -- Python 3.10.0, pytest-7.4.4, pluggy-1.6.0
rootdir: C:\Nouri\CODING\Linkedin-Comments-Scraper-Demo\backend
plugins: anyio-4.12.0, dash-2.14.2, asyncio-0.21.1, cov-4.1.0, mock-3.15.1
asyncio: mode=strict
collected 12 items

tests\test_analysis.py F.                                                [ 16%]
tests\test_auth.py ..                                                    [ 33%]
tests\test_comments_scraper.py ..                                        [ 50%]
tests\test_company_scraper.py FF                                         [ 66%]
tests\test_group_scraper.py FF                                           [ 83%]
tests\test_people_scraper.py FF                                          [100%]

================================== FAILURES ===================================
____________________________ test_analyze_comments ____________________________

client = <starlette.testclient.TestClient object at 0x00000151BA29BD00>

    def test_analyze_comments(client):
        with patch("app.routers.analysis.analyze_comments_logic") as mock_analyze:
            mock_analyze.return_value = {"sentiment": "positive"}
    
            response = client.post("/scraper/analyze", json={"comments": ["Great post!", "I agree"]})
    
>           assert response.status_code == 200
E           assert 422 == 200
E            +  where 422 = <Response [422 Unprocessable Entity]>.status_code

tests\test_analysis.py:9: AssertionError
______________________________ test_get_company _______________________________

client = <starlette.testclient.TestClient object at 0x00000151BA2D8FA0>

    def test_get_company(client):
>       with patch("app.routers.company_scraper.get_driver") as mock_driver_cls, \
             patch("app.routers.company_scraper.login_to_linkedin") as mock_login, \
             patch("app.routers.company_scraper.scrape_company_employees_logic") as mock_scrape:

tests\test_company_scraper.py:4: 
_ _ _ _ _ _ _ _ _ _ _ _ _ _ _ _ _ _ _ _ _ _ _ _ _ _ _ _ _ _ _ _ _ _ _ _ _ _ _ _
C:\Users\noure\AppData\Local\Programs\Python\Python310\lib\unittest\mock.py:1438: in __enter__
    original, local = self.get_original()
_ _ _ _ _ _ _ _ _ _ _ _ _ _ _ _ _ _ _ _ _ _ _ _ _ _ _ _ _ _ _ _ _ _ _ _ _ _ _ _

self = <unittest.mock._patch object at 0x00000151BA5D73D0>

    def get_original(self):
        target = self.getter()
        name = self.attribute
    
        original = DEFAULT
        local = False
    
        try:
            original = target.__dict__[name]
        except (AttributeError, KeyError):
            original = getattr(target, name, DEFAULT)
        else:
            local = True
    
        if name in _builtins and isinstance(target, ModuleType):
            self.create = True
    
        if not self.create and original is DEFAULT:
>           raise AttributeError(
                "%s does not have the attribute %r" % (target, name)
            )
E           AttributeError: <module 'app.routers.company_scraper' from 'C:\\Nouri\\CODING\\Linkedin-Comments-Scraper-Demo\\backend\\app\\routers\\company_scraper.py'> does not have the attribute 'scrape_company_employees_logic'

C:\Users\noure\AppData\Local\Programs\Python\Python310\lib\unittest\mock.py:1411: AttributeError
__________________________ test_download_company_csv __________________________

client = <starlette.testclient.TestClient object at 0x00000151BA2D8FA0>

    def test_download_company_csv(client):
>       with patch("app.routers.company_scraper.get_driver") as mock_driver_cls, \
             patch("app.routers.company_scraper.login_to_linkedin") as mock_login, \
             patch("app.routers.company_scraper.scrape_company_employees_logic") as mock_scrape, \
             patch("app.routers.company_scraper.generate_csv_stream") as mock_csv:

tests\test_company_scraper.py:20: 
_ _ _ _ _ _ _ _ _ _ _ _ _ _ _ _ _ _ _ _ _ _ _ _ _ _ _ _ _ _ _ _ _ _ _ _ _ _ _ _
C:\Users\noure\AppData\Local\Programs\Python\Python310\lib\unittest\mock.py:1438: in __enter__
    original, local = self.get_original()
_ _ _ _ _ _ _ _ _ _ _ _ _ _ _ _ _ _ _ _ _ _ _ _ _ _ _ _ _ _ _ _ _ _ _ _ _ _ _ _

self = <unittest.mock._patch object at 0x00000151BA5BB3D0>

    def get_original(self):
        target = self.getter()
        name = self.attribute
    
        original = DEFAULT
        local = False
    
        try:
            original = target.__dict__[name]
        except (AttributeError, KeyError):
            original = getattr(target, name, DEFAULT)
        else:
            local = True
    
        if name in _builtins and isinstance(target, ModuleType):
            self.create = True
    
        if not self.create and original is DEFAULT:
>           raise AttributeError(
                "%s does not have the attribute %r" % (target, name)
            )
E           AttributeError: <module 'app.routers.company_scraper' from 'C:\\Nouri\\CODING\\Linkedin-Comments-Scraper-Demo\\backend\\app\\routers\\company_scraper.py'> does not have the attribute 'scrape_company_employees_logic'

C:\Users\noure\AppData\Local\Programs\Python\Python310\lib\unittest\mock.py:1411: AttributeError
_______________________________ test_get_group ________________________________

client = <starlette.testclient.TestClient object at 0x00000151BA305180>

    def test_get_group(client):
        with patch("app.routers.group_scraper.get_driver") as mock_driver_cls, \
             patch("app.routers.group_scraper.login_to_linkedin") as mock_login, \
             patch("app.routers.group_scraper.scrape_group_members_logic") as mock_scrape:
    
            mock_driver_cls.return_value.__enter__.return_value = MagicMock()
            mock_login.return_value = True
            mock_scrape.return_value = []
    
            response = client.get("/scraper/group?group_url=https://linkedin.com/groups/123&email=test@example.com&password=password&max_members=10")
    
>           assert response.status_code == 200
E           assert 404 == 200
E            +  where 404 = <Response [404 Not Found]>.status_code

tests\test_group_scraper.py:14: AssertionError
___________________________ test_download_group_csv ___________________________

client = <starlette.testclient.TestClient object at 0x00000151BA305180>

    def test_download_group_csv(client):
        with patch("app.routers.group_scraper.get_driver") as mock_driver_cls, \
             patch("app.routers.group_scraper.login_to_linkedin") as mock_login, \
             patch("app.routers.group_scraper.scrape_group_members_logic") as mock_scrape, \
             patch("app.routers.group_scraper.generate_csv_stream") as mock_csv:
    
            mock_driver_cls.return_value.__enter__.return_value = MagicMock()
            mock_login.return_value = True
            mock_scrape.return_value = []
            mock_csv.return_value = iter([b"col1\n", b"val1\n"])
    
            response = client.get("/scraper/group/download?group_url=https://linkedin.com/groups/123&email=test@example.com&password=password")
    
>           assert response.status_code == 200
E           assert 404 == 200
E            +  where 404 = <Response [404 Not Found]>.status_code

tests\test_group_scraper.py:32: AssertionError
_______________________________ test_get_people _______________________________

client = <starlette.testclient.TestClient object at 0x00000151BA305B70>

    def test_get_people(client):
>       with patch("app.routers.people_scraper.get_driver") as mock_driver_cls, \
             patch("app.routers.people_scraper.login_to_linkedin") as mock_login, \
             patch("app.routers.people_scraper.scrape_people_search_logic") as mock_scrape:

tests\test_people_scraper.py:4: 
_ _ _ _ _ _ _ _ _ _ _ _ _ _ _ _ _ _ _ _ _ _ _ _ _ _ _ _ _ _ _ _ _ _ _ _ _ _ _ _
C:\Users\noure\AppData\Local\Programs\Python\Python310\lib\unittest\mock.py:1438: in __enter__
    original, local = self.get_original()
_ _ _ _ _ _ _ _ _ _ _ _ _ _ _ _ _ _ _ _ _ _ _ _ _ _ _ _ _ _ _ _ _ _ _ _ _ _ _ _

self = <unittest.mock._patch object at 0x00000151BA5C1D80>

    def get_original(self):
        target = self.getter()
        name = self.attribute
    
        original = DEFAULT
        local = False
    
        try:
            original = target.__dict__[name]
        except (AttributeError, KeyError):
            original = getattr(target, name, DEFAULT)
        else:
            local = True
    
        if name in _builtins and isinstance(target, ModuleType):
            self.create = True
    
        if not self.create and original is DEFAULT:
>           raise AttributeError(
                "%s does not have the attribute %r" % (target, name)
            )
E           AttributeError: <module 'app.routers.people_scraper' from 'C:\\Nouri\\CODING\\Linkedin-Comments-Scraper-Demo\\backend\\app\\routers\\people_scraper.py'> does not have the attribute 'scrape_people_search_logic'

C:\Users\noure\AppData\Local\Programs\Python\Python310\lib\unittest\mock.py:1411: AttributeError
__________________________ test_download_people_csv ___________________________

client = <starlette.testclient.TestClient object at 0x00000151BA305B70>

    def test_download_people_csv(client):
>       with patch("app.routers.people_scraper.get_driver") as mock_driver_cls, \
             patch("app.routers.people_scraper.login_to_linkedin") as mock_login, \
             patch("app.routers.people_scraper.scrape_people_search_logic") as mock_scrape, \
             patch("app.routers.people_scraper.generate_csv_stream") as mock_csv:

tests\test_people_scraper.py:20: 
_ _ _ _ _ _ _ _ _ _ _ _ _ _ _ _ _ _ _ _ _ _ _ _ _ _ _ _ _ _ _ _ _ _ _ _ _ _ _ _
C:\Users\noure\AppData\Local\Programs\Python\Python310\lib\unittest\mock.py:1438: in __enter__
    original, local = self.get_original()
_ _ _ _ _ _ _ _ _ _ _ _ _ _ _ _ _ _ _ _ _ _ _ _ _ _ _ _ _ _ _ _ _ _ _ _ _ _ _ _

self = <unittest.mock._patch object at 0x00000151BA57F760>

    def get_original(self):
        target = self.getter()
        name = self.attribute
    
        original = DEFAULT
        local = False
    
        try:
            original = target.__dict__[name]
        except (AttributeError, KeyError):
            original = getattr(target, name, DEFAULT)
        else:
            local = True
    
        if name in _builtins and isinstance(target, ModuleType):
            self.create = True
    
        if not self.create and original is DEFAULT:
>           raise AttributeError(
                "%s does not have the attribute %r" % (target, name)
            )
E           AttributeError: <module 'app.routers.people_scraper' from 'C:\\Nouri\\CODING\\Linkedin-Comments-Scraper-Demo\\backend\\app\\routers\\people_scraper.py'> does not have the attribute 'scrape_people_search_logic'

C:\Users\noure\AppData\Local\Programs\Python\Python310\lib\unittest\mock.py:1411: AttributeError
=========================== short test summary info ===========================
FAILED tests/test_analysis.py::test_analyze_comments - assert 422 == 200
FAILED tests/test_company_scraper.py::test_get_company - AttributeError: <mod...
FAILED tests/test_company_scraper.py::test_download_company_csv - AttributeEr...
FAILED tests/test_group_scraper.py::test_get_group - assert 404 == 200
FAILED tests/test_group_scraper.py::test_download_group_csv - assert 404 == 200
FAILED tests/test_people_scraper.py::test_get_people - AttributeError: <modul...
FAILED tests/test_people_scraper.py::test_download_people_csv - AttributeErro...
========================= 7 failed, 5 passed in 0.75s =========================
